[13-Apr-2026 14:22:39 Europe/Berlin] PHP Fatal error:  Uncaught Error: Class "Bramus\Router\Router" not found in C:\Users\Kezia\Music\pagina-vendas-ebooks\backend\index.php:36
Stack trace:
#0 {main}
  thrown in C:\Users\Kezia\Music\pagina-vendas-ebooks\backend\index.php on line 36
[13-Apr-2026 14:22:47 Europe/Berlin] PHP Fatal error:  Uncaught Error: Class "Bramus\Router\Router" not found in C:\Users\Kezia\Music\pagina-vendas-ebooks\backend\index.php:36
Stack trace:
#0 {main}
  thrown in C:\Users\Kezia\Music\pagina-vendas-ebooks\backend\index.php on line 36
[13-Apr-2026 14:24:15 Europe/Berlin] PHP Fatal error:  Uncaught Error: Class "Bramus\Router\Router" not found in C:\Users\Kezia\Music\pagina-vendas-ebooks\backend\index.php:36
Stack trace:
#0 {main}
  thrown in C:\Users\Kezia\Music\pagina-vendas-ebooks\backend\index.php on line 36
[13-Apr-2026 14:24:29 Europe/Berlin] PHP Fatal error:  Uncaught Error: Class "Bramus\Router\Router" not found in C:\Users\Kezia\Music\pagina-vendas-ebooks\backend\index.php:36
Stack trace:
#0 {main}
  thrown in C:\Users\Kezia\Music\pagina-vendas-ebooks\backend\index.php on line 36
[13-Apr-2026 14:24:47 Europe/Berlin] PHP Fatal error:  Uncaught Error: Class "Bramus\Router\Router" not found in C:\Users\Kezia\Music\pagina-vendas-ebooks\backend\index.php:36
Stack trace:
#0 {main}
  thrown in C:\Users\Kezia\Music\pagina-vendas-ebooks\backend\index.php on line 36
[13-Apr-2026 14:25:25 Europe/Berlin] PHP Fatal error:  Uncaught Error: Class "Bramus\Router\Router" not found in C:\Users\Kezia\Music\pagina-vendas-ebooks\backend\index.php:36
Stack trace:
#0 {main}
  thrown in C:\Users\Kezia\Music\pagina-vendas-ebooks\backend\index.php on line 36
[13-Apr-2026 14:28:09 Europe/Berlin] [DatisLopo] Erro fatal: Class "Datislopo\Ebook\Models\Ebook" not found em C:\Users\Kezia\Music\pagina-vendas-ebooks\backend\Controller\EbookController.php:24
[13-Apr-2026 14:41:04 Europe/Berlin] [DatisLopo] Erro fatal: Datislopo\Ebook\Controllers\EbookController::buscarPorId(): Argument #1 ($id) must be of type int, string given em C:\Users\Kezia\Music\pagina-vendas-ebooks\backend\Controller\EbookController.php:325
[14-Apr-2026 01:28:25 Europe/Berlin] [DatisLopo] Erro fatal: Datislopo\Ebook\Controllers\UsuarioController::index(): Argument #1 ($pagina) must be of type int, string given em C:\Users\Kezia\Music\pagina-vendas-ebooks\backend\Controller\UsuarioController.php:33
[14-Apr-2026 03:30:08 Europe/Berlin] [DatisLopo] Erro fatal: Datislopo\Ebook\Controllers\UsuarioController::index(): Argument #1 ($pagina) must be of type int, string given em C:\Users\Kezia\Music\pagina-vendas-ebooks\backend\Controller\UsuarioController.php:33
[15-Apr-2026 05:20:47 Europe/Berlin] [DatisLopo] Erro fatal: Erro de conex√£o (PDO): SQLSTATE[HY000] [2002] php_network_getaddresses: getaddrinfo for sql211.infinityfree.com failed: Este host n„o È conhecido.  em C:\Users\Kezia\Music\pagina-vendas-ebooks\backend\Database\Database.php:44
[15-Apr-2026 05:20:47 Europe/Berlin] [DatisLopo] Erro fatal: Erro de conex√£o (PDO): SQLSTATE[HY000] [2002] php_network_getaddresses: getaddrinfo for sql211.infinityfree.com failed: Este host n„o È conhecido.  em C:\Users\Kezia\Music\pagina-vendas-ebooks\backend\Database\Database.php:44
[15-Apr-2026 05:20:53 Europe/Berlin] [DatisLopo] Erro fatal: Erro de conex√£o (PDO): SQLSTATE[HY000] [2002] php_network_getaddresses: getaddrinfo for sql211.infinityfree.com failed: Este host n„o È conhecido.  em C:\Users\Kezia\Music\pagina-vendas-ebooks\backend\Database\Database.php:44
[15-Apr-2026 05:21:01 Europe/Berlin] [DatisLopo] Erro fatal: Erro de conex√£o (PDO): SQLSTATE[HY000] [2002] php_network_getaddresses: getaddrinfo for sql211.infinityfree.com failed: Este host n„o È conhecido.  em C:\Users\Kezia\Music\pagina-vendas-ebooks\backend\Database\Database.php:44
[15-Apr-2026 17:33:51 Europe/Berlin] [DatisLopo] Erro fatal: Erro de conex√£o (PDO): SQLSTATE[HY000] [2002] php_network_getaddresses: getaddrinfo for sql211.infinityfree.com failed: Este host n„o È conhecido.  em C:\Users\Kezia\Music\pagina-vendas-ebooks\backend\Database\Database.php:44
[15-Apr-2026 17:33:51 Europe/Berlin] [DatisLopo] Erro fatal: Erro de conex√£o (PDO): SQLSTATE[HY000] [2002] php_network_getaddresses: getaddrinfo for sql211.infinityfree.com failed: Este host n„o È conhecido.  em C:\Users\Kezia\Music\pagina-vendas-ebooks\backend\Database\Database.php:44
[15-Apr-2026 17:34:11 Europe/Berlin] [DatisLopo] Erro fatal: Erro de conex√£o (PDO): SQLSTATE[HY000] [2002] php_network_getaddresses: getaddrinfo for sql211.infinityfree.com failed: Este host n„o È conhecido.  em C:\Users\Kezia\Music\pagina-vendas-ebooks\backend\Database\Database.php:44
[15-Apr-2026 17:34:12 Europe/Berlin] [DatisLopo] Erro fatal: Erro de conex√£o (PDO): SQLSTATE[HY000] [2002] php_network_getaddresses: getaddrinfo for sql211.infinityfree.com failed: Este host n„o È conhecido.  em C:\Users\Kezia\Music\pagina-vendas-ebooks\backend\Database\Database.php:44
[15-Apr-2026 17:34:48 Europe/Berlin] [DatisLopo] Erro fatal: Erro de conex√£o (PDO): SQLSTATE[HY000] [2002] php_network_getaddresses: getaddrinfo for sql211.infinityfree.com failed: Este host n„o È conhecido.  em C:\Users\Kezia\Music\pagina-vendas-ebooks\backend\Database\Database.php:44
[15-Apr-2026 17:34:52 Europe/Berlin] [DatisLopo] Erro fatal: Erro de conex√£o (PDO): SQLSTATE[HY000] [2002] php_network_getaddresses: getaddrinfo for sql211.infinityfree.com failed: Este host n„o È conhecido.  em C:\Users\Kezia\Music\pagina-vendas-ebooks\backend\Database\Database.php:44
[15-Apr-2026 17:35:02 Europe/Berlin] [DatisLopo] Erro fatal: Erro de conex√£o (PDO): SQLSTATE[HY000] [2002] php_network_getaddresses: getaddrinfo for sql211.infinityfree.com failed: Este host n„o È conhecido.  em C:\Users\Kezia\Music\pagina-vendas-ebooks\backend\Database\Database.php:44
[15-Apr-2026 22:45:57 Europe/Berlin] [DatisLopo] Erro fatal: Erro de conex√£o (PDO): SQLSTATE[HY000] [2002] php_network_getaddresses: getaddrinfo for sql211.infinityfree.com failed: Este host n„o È conhecido.  em C:\Users\Kezia\Music\pagina-vendas-ebooks\backend\Database\Database.php:44
[15-Apr-2026 22:45:57 Europe/Berlin] [DatisLopo] Erro fatal: Erro de conex√£o (PDO): SQLSTATE[HY000] [2002] php_network_getaddresses: getaddrinfo for sql211.infinityfree.com failed: Este host n„o È conhecido.  em C:\Users\Kezia\Music\pagina-vendas-ebooks\backend\Database\Database.php:44
[15-Apr-2026 22:46:40 Europe/Berlin] [DatisLopo] Erro fatal: Erro de conex√£o (PDO): SQLSTATE[HY000] [2002] php_network_getaddresses: getaddrinfo for sql211.infinityfree.com failed: Este host n„o È conhecido.  em C:\Users\Kezia\Music\pagina-vendas-ebooks\backend\Database\Database.php:44
